Analysis & Synthesis report for Problema1
Sat Sep 03 13:37:52 2022
Quartus Prime Version 20.1.0 Build 711 06/05/2020 SJ Lite Edition


---------------------
; Table of Contents ;
---------------------
  1. Legal Notice
  2. Analysis & Synthesis Summary
  3. Analysis & Synthesis Settings
  4. Parallel Compilation
  5. Analysis & Synthesis Source Files Read
  6. Analysis & Synthesis Resource Usage Summary
  7. Analysis & Synthesis Resource Utilization by Entity
  8. Analysis & Synthesis DSP Block Usage Summary
  9. General Register Statistics
 10. Multiplexer Restructuring Statistics (Restructuring Performed)
 11. Parameter Settings for User Entity Instance: ALU:ALU0
 12. Parameter Settings for User Entity Instance: ALU:ALU0|moduloAND:moduloAND0
 13. Parameter Settings for User Entity Instance: ALU:ALU0|moduloOR:moduloOR0
 14. Parameter Settings for User Entity Instance: ALU:ALU0|moduloXOR:moduloXOR0
 15. Parameter Settings for User Entity Instance: ALU:ALU0|moduloShiftL:moduloShiftL0
 16. Parameter Settings for User Entity Instance: ALU:ALU0|moduloShiftR:moduloShiftR0
 17. Parameter Settings for User Entity Instance: ALU:ALU0|moduloSuma:moduloSuma0
 18. Parameter Settings for User Entity Instance: ALU:ALU0|moduloResta:moduloResta0
 19. Parameter Settings for User Entity Instance: ALU:ALU0|moduloMultiplicacion:moduloMultiplicacion0
 20. Parameter Settings for User Entity Instance: ALU:ALU0|moduloDivision:moduloDivision0
 21. Parameter Settings for User Entity Instance: ALU:ALU0|moduloModulo:moduloModulo0
 22. Parameter Settings for User Entity Instance: ALU:ALU0|moduloControlOperaciones:moduloControlOperaciones0
 23. Parameter Settings for User Entity Instance: ALU:ALU0|moduloDisplayBanderas:moduloDisplayBanderas0
 24. Parameter Settings for Inferred Entity Instance: ALU:ALU0|moduloModulo:moduloModulo0|lpm_divide:Mod0
 25. Parameter Settings for Inferred Entity Instance: ALU:ALU0|moduloDivision:moduloDivision0|lpm_divide:Div0
 26. Post-Synthesis Netlist Statistics for Top Partition
 27. Elapsed Time Per Partition
 28. Analysis & Synthesis Messages



----------------
; Legal Notice ;
----------------
Copyright (C) 2020  Intel Corporation. All rights reserved.
Your use of Intel Corporation's design tools, logic functions 
and other software and tools, and any partner logic 
functions, and any output files from any of the foregoing 
(including device programming or simulation files), and any 
associated documentation or information are expressly subject 
to the terms and conditions of the Intel Program License 
Subscription Agreement, the Intel Quartus Prime License Agreement,
the Intel FPGA IP License Agreement, or other applicable license
agreement, including, without limitation, that your use is for
the sole purpose of programming logic devices manufactured by
Intel and sold by Intel or its authorized distributors.  Please
refer to the applicable agreement for further details, at
https://fpgasoftware.intel.com/eula.



+-------------------------------------------------------------------------------+
; Analysis & Synthesis Summary                                                  ;
+---------------------------------+---------------------------------------------+
; Analysis & Synthesis Status     ; Successful - Sat Sep 03 13:37:51 2022       ;
; Quartus Prime Version           ; 20.1.0 Build 711 06/05/2020 SJ Lite Edition ;
; Revision Name                   ; Problema1                                   ;
; Top-level Entity Name           ; Problema1                                   ;
; Family                          ; Cyclone V                                   ;
; Logic utilization (in ALMs)     ; N/A                                         ;
; Total registers                 ; 0                                           ;
; Total pins                      ; 57                                          ;
; Total virtual pins              ; 0                                           ;
; Total block memory bits         ; 0                                           ;
; Total DSP Blocks                ; 2                                           ;
; Total HSSI RX PCSs              ; 0                                           ;
; Total HSSI PMA RX Deserializers ; 0                                           ;
; Total HSSI TX PCSs              ; 0                                           ;
; Total HSSI PMA TX Serializers   ; 0                                           ;
; Total PLLs                      ; 0                                           ;
; Total DLLs                      ; 0                                           ;
+---------------------------------+---------------------------------------------+


+---------------------------------------------------------------------------------------------------------------------------+
; Analysis & Synthesis Settings                                                                                             ;
+---------------------------------------------------------------------------------+--------------------+--------------------+
; Option                                                                          ; Setting            ; Default Value      ;
+---------------------------------------------------------------------------------+--------------------+--------------------+
; Device                                                                          ; 5CSEMA5F31C6       ;                    ;
; Top-level entity name                                                           ; Problema1          ; Problema1          ;
; Family name                                                                     ; Cyclone V          ; Cyclone V          ;
; Use smart compilation                                                           ; Off                ; Off                ;
; Enable parallel Assembler and Timing Analyzer during compilation                ; On                 ; On                 ;
; Enable compact report table                                                     ; Off                ; Off                ;
; Restructure Multiplexers                                                        ; Auto               ; Auto               ;
; MLAB Add Timing Constraints For Mixed-Port Feed-Through Mode Setting Don't Care ; Off                ; Off                ;
; Create Debugging Nodes for IP Cores                                             ; Off                ; Off                ;
; Preserve fewer node names                                                       ; On                 ; On                 ;
; Intel FPGA IP Evaluation Mode                                                   ; Enable             ; Enable             ;
; Verilog Version                                                                 ; Verilog_2001       ; Verilog_2001       ;
; VHDL Version                                                                    ; VHDL_1993          ; VHDL_1993          ;
; State Machine Processing                                                        ; Auto               ; Auto               ;
; Safe State Machine                                                              ; Off                ; Off                ;
; Extract Verilog State Machines                                                  ; On                 ; On                 ;
; Extract VHDL State Machines                                                     ; On                 ; On                 ;
; Ignore Verilog initial constructs                                               ; Off                ; Off                ;
; Iteration limit for constant Verilog loops                                      ; 5000               ; 5000               ;
; Iteration limit for non-constant Verilog loops                                  ; 250                ; 250                ;
; Add Pass-Through Logic to Inferred RAMs                                         ; On                 ; On                 ;
; Infer RAMs from Raw Logic                                                       ; On                 ; On                 ;
; Parallel Synthesis                                                              ; On                 ; On                 ;
; DSP Block Balancing                                                             ; Auto               ; Auto               ;
; NOT Gate Push-Back                                                              ; On                 ; On                 ;
; Power-Up Don't Care                                                             ; On                 ; On                 ;
; Remove Redundant Logic Cells                                                    ; Off                ; Off                ;
; Remove Duplicate Registers                                                      ; On                 ; On                 ;
; Ignore CARRY Buffers                                                            ; Off                ; Off                ;
; Ignore CASCADE Buffers                                                          ; Off                ; Off                ;
; Ignore GLOBAL Buffers                                                           ; Off                ; Off                ;
; Ignore ROW GLOBAL Buffers                                                       ; Off                ; Off                ;
; Ignore LCELL Buffers                                                            ; Off                ; Off                ;
; Ignore SOFT Buffers                                                             ; On                 ; On                 ;
; Limit AHDL Integers to 32 Bits                                                  ; Off                ; Off                ;
; Optimization Technique                                                          ; Balanced           ; Balanced           ;
; Carry Chain Length                                                              ; 70                 ; 70                 ;
; Auto Carry Chains                                                               ; On                 ; On                 ;
; Auto Open-Drain Pins                                                            ; On                 ; On                 ;
; Perform WYSIWYG Primitive Resynthesis                                           ; Off                ; Off                ;
; Auto ROM Replacement                                                            ; On                 ; On                 ;
; Auto RAM Replacement                                                            ; On                 ; On                 ;
; Auto DSP Block Replacement                                                      ; On                 ; On                 ;
; Auto Shift Register Replacement                                                 ; Auto               ; Auto               ;
; Allow Shift Register Merging across Hierarchies                                 ; Auto               ; Auto               ;
; Auto Clock Enable Replacement                                                   ; On                 ; On                 ;
; Strict RAM Replacement                                                          ; Off                ; Off                ;
; Allow Synchronous Control Signals                                               ; On                 ; On                 ;
; Force Use of Synchronous Clear Signals                                          ; Off                ; Off                ;
; Auto Resource Sharing                                                           ; Off                ; Off                ;
; Allow Any RAM Size For Recognition                                              ; Off                ; Off                ;
; Allow Any ROM Size For Recognition                                              ; Off                ; Off                ;
; Allow Any Shift Register Size For Recognition                                   ; Off                ; Off                ;
; Use LogicLock Constraints during Resource Balancing                             ; On                 ; On                 ;
; Ignore translate_off and synthesis_off directives                               ; Off                ; Off                ;
; Timing-Driven Synthesis                                                         ; On                 ; On                 ;
; Report Parameter Settings                                                       ; On                 ; On                 ;
; Report Source Assignments                                                       ; On                 ; On                 ;
; Report Connectivity Checks                                                      ; On                 ; On                 ;
; Ignore Maximum Fan-Out Assignments                                              ; Off                ; Off                ;
; Synchronization Register Chain Length                                           ; 3                  ; 3                  ;
; Power Optimization During Synthesis                                             ; Normal compilation ; Normal compilation ;
; HDL message level                                                               ; Level2             ; Level2             ;
; Suppress Register Optimization Related Messages                                 ; Off                ; Off                ;
; Number of Removed Registers Reported in Synthesis Report                        ; 5000               ; 5000               ;
; Number of Swept Nodes Reported in Synthesis Report                              ; 5000               ; 5000               ;
; Number of Inverted Registers Reported in Synthesis Report                       ; 100                ; 100                ;
; Clock MUX Protection                                                            ; On                 ; On                 ;
; Auto Gated Clock Conversion                                                     ; Off                ; Off                ;
; Block Design Naming                                                             ; Auto               ; Auto               ;
; SDC constraint protection                                                       ; Off                ; Off                ;
; Synthesis Effort                                                                ; Auto               ; Auto               ;
; Shift Register Replacement - Allow Asynchronous Clear Signal                    ; On                 ; On                 ;
; Pre-Mapping Resynthesis Optimization                                            ; Off                ; Off                ;
; Analysis & Synthesis Message Level                                              ; Medium             ; Medium             ;
; Disable Register Merging Across Hierarchies                                     ; Auto               ; Auto               ;
; Resource Aware Inference For Block RAM                                          ; On                 ; On                 ;
; Automatic Parallel Synthesis                                                    ; On                 ; On                 ;
; Partial Reconfiguration Bitstream ID                                            ; Off                ; Off                ;
+---------------------------------------------------------------------------------+--------------------+--------------------+


+------------------------------------------+
; Parallel Compilation                     ;
+----------------------------+-------------+
; Processors                 ; Number      ;
+----------------------------+-------------+
; Number detected on machine ; 8           ;
; Maximum allowed            ; 8           ;
;                            ;             ;
; Average used               ; 1.00        ;
; Maximum used               ; 1           ;
;                            ;             ;
; Usage by Processor         ; % Time Used ;
;     Processor 1            ; 100.0%      ;
+----------------------------+-------------+


+-------------------------------------------------------------------------------------------------------------------------------------------------------------------------------------------+
; Analysis & Synthesis Source Files Read                                                                                                                                                    ;
+----------------------------------+-----------------+------------------------------+---------------------------------------------------------------------------------------------+---------+
; File Name with User-Entered Path ; Used in Netlist ; File Type                    ; File Name with Absolute Path                                                                ; Library ;
+----------------------------------+-----------------+------------------------------+---------------------------------------------------------------------------------------------+---------+
; moduloXOR.sv                     ; yes             ; User SystemVerilog HDL File  ; C:/Users/osaro/OneDrive/Escritorio/CE3201Laboratorio3/Problema1/moduloXOR.sv                ;         ;
; moduloSuma.sv                    ; yes             ; User SystemVerilog HDL File  ; C:/Users/osaro/OneDrive/Escritorio/CE3201Laboratorio3/Problema1/moduloSuma.sv               ;         ;
; moduloShiftR.sv                  ; yes             ; User SystemVerilog HDL File  ; C:/Users/osaro/OneDrive/Escritorio/CE3201Laboratorio3/Problema1/moduloShiftR.sv             ;         ;
; moduloShiftL.sv                  ; yes             ; User SystemVerilog HDL File  ; C:/Users/osaro/OneDrive/Escritorio/CE3201Laboratorio3/Problema1/moduloShiftL.sv             ;         ;
; moduloResta.sv                   ; yes             ; User SystemVerilog HDL File  ; C:/Users/osaro/OneDrive/Escritorio/CE3201Laboratorio3/Problema1/moduloResta.sv              ;         ;
; moduloOR.sv                      ; yes             ; User SystemVerilog HDL File  ; C:/Users/osaro/OneDrive/Escritorio/CE3201Laboratorio3/Problema1/moduloOR.sv                 ;         ;
; moduloMultiplicacion.sv          ; yes             ; User SystemVerilog HDL File  ; C:/Users/osaro/OneDrive/Escritorio/CE3201Laboratorio3/Problema1/moduloMultiplicacion.sv     ;         ;
; moduloModulo.sv                  ; yes             ; User SystemVerilog HDL File  ; C:/Users/osaro/OneDrive/Escritorio/CE3201Laboratorio3/Problema1/moduloModulo.sv             ;         ;
; moduloDivision.sv                ; yes             ; User SystemVerilog HDL File  ; C:/Users/osaro/OneDrive/Escritorio/CE3201Laboratorio3/Problema1/moduloDivision.sv           ;         ;
; moduloControlOperaciones.sv      ; yes             ; User SystemVerilog HDL File  ; C:/Users/osaro/OneDrive/Escritorio/CE3201Laboratorio3/Problema1/moduloControlOperaciones.sv ;         ;
; moduloAND.sv                     ; yes             ; User SystemVerilog HDL File  ; C:/Users/osaro/OneDrive/Escritorio/CE3201Laboratorio3/Problema1/moduloAND.sv                ;         ;
; ALU.sv                           ; yes             ; User SystemVerilog HDL File  ; C:/Users/osaro/OneDrive/Escritorio/CE3201Laboratorio3/Problema1/ALU.sv                      ;         ;
; Problema1.sv                     ; yes             ; User SystemVerilog HDL File  ; C:/Users/osaro/OneDrive/Escritorio/CE3201Laboratorio3/Problema1/Problema1.sv                ;         ;
; moduloDisplayResultado.sv        ; yes             ; User SystemVerilog HDL File  ; C:/Users/osaro/OneDrive/Escritorio/CE3201Laboratorio3/Problema1/moduloDisplayResultado.sv   ;         ;
; moduloDisplayBanderas.sv         ; yes             ; User SystemVerilog HDL File  ; C:/Users/osaro/OneDrive/Escritorio/CE3201Laboratorio3/Problema1/moduloDisplayBanderas.sv    ;         ;
; lpm_divide.tdf                   ; yes             ; Megafunction                 ; c:/intelfpga_lite/20.1/quartus/libraries/megafunctions/lpm_divide.tdf                       ;         ;
; abs_divider.inc                  ; yes             ; Megafunction                 ; c:/intelfpga_lite/20.1/quartus/libraries/megafunctions/abs_divider.inc                      ;         ;
; sign_div_unsign.inc              ; yes             ; Megafunction                 ; c:/intelfpga_lite/20.1/quartus/libraries/megafunctions/sign_div_unsign.inc                  ;         ;
; aglobal201.inc                   ; yes             ; Megafunction                 ; c:/intelfpga_lite/20.1/quartus/libraries/megafunctions/aglobal201.inc                       ;         ;
; db/lpm_divide_42m.tdf            ; yes             ; Auto-Generated Megafunction  ; C:/Users/osaro/OneDrive/Escritorio/CE3201Laboratorio3/Problema1/db/lpm_divide_42m.tdf       ;         ;
; db/sign_div_unsign_7kh.tdf       ; yes             ; Auto-Generated Megafunction  ; C:/Users/osaro/OneDrive/Escritorio/CE3201Laboratorio3/Problema1/db/sign_div_unsign_7kh.tdf  ;         ;
; db/alt_u_div_kse.tdf             ; yes             ; Auto-Generated Megafunction  ; C:/Users/osaro/OneDrive/Escritorio/CE3201Laboratorio3/Problema1/db/alt_u_div_kse.tdf        ;         ;
; db/lpm_divide_1am.tdf            ; yes             ; Auto-Generated Megafunction  ; C:/Users/osaro/OneDrive/Escritorio/CE3201Laboratorio3/Problema1/db/lpm_divide_1am.tdf       ;         ;
+----------------------------------+-----------------+------------------------------+---------------------------------------------------------------------------------------------+---------+


+------------------------------------------------------------------+
; Analysis & Synthesis Resource Usage Summary                      ;
+---------------------------------------------+--------------------+
; Resource                                    ; Usage              ;
+---------------------------------------------+--------------------+
; Estimate of Logic utilization (ALMs needed) ; 75                 ;
;                                             ;                    ;
; Combinational ALUT usage for logic          ; 127                ;
;     -- 7 input functions                    ; 8                  ;
;     -- 6 input functions                    ; 15                 ;
;     -- 5 input functions                    ; 15                 ;
;     -- 4 input functions                    ; 31                 ;
;     -- <=3 input functions                  ; 58                 ;
;                                             ;                    ;
; Dedicated logic registers                   ; 0                  ;
;                                             ;                    ;
; I/O pins                                    ; 57                 ;
;                                             ;                    ;
; Total DSP Blocks                            ; 2                  ;
;                                             ;                    ;
; Maximum fan-out node                        ; operandoB[0]~input ;
; Maximum fan-out                             ; 27                 ;
; Total fan-out                               ; 591                ;
; Average fan-out                             ; 2.43               ;
+---------------------------------------------+--------------------+


+--------------------------------------------------------------------------------------------------------------------------------------------------------------------------------------------------------------------------------------------------------------------------------------------------------------------------------------------------------------------+
; Analysis & Synthesis Resource Utilization by Entity                                                                                                                                                                                                                                                                                                                ;
+------------------------------------------------------------+---------------------+---------------------------+-------------------+------------+------+--------------+----------------------------------------------------------------------------------------------------------------------------------------------------+--------------------------+--------------+
; Compilation Hierarchy Node                                 ; Combinational ALUTs ; Dedicated Logic Registers ; Block Memory Bits ; DSP Blocks ; Pins ; Virtual Pins ; Full Hierarchy Name                                                                                                                                ; Entity Name              ; Library Name ;
+------------------------------------------------------------+---------------------+---------------------------+-------------------+------------+------+--------------+----------------------------------------------------------------------------------------------------------------------------------------------------+--------------------------+--------------+
; |Problema1                                                 ; 127 (0)             ; 0 (0)                     ; 0                 ; 2          ; 57   ; 0            ; |Problema1                                                                                                                                         ; Problema1                ; work         ;
;    |ALU:ALU0|                                              ; 120 (0)             ; 0 (0)                     ; 0                 ; 2          ; 0    ; 0            ; |Problema1|ALU:ALU0                                                                                                                                ; ALU                      ; work         ;
;       |moduloAND:moduloAND0|                               ; 4 (4)               ; 0 (0)                     ; 0                 ; 0          ; 0    ; 0            ; |Problema1|ALU:ALU0|moduloAND:moduloAND0                                                                                                           ; moduloAND                ; work         ;
;       |moduloControlOperaciones:moduloControlOperaciones0| ; 27 (27)             ; 0 (0)                     ; 0                 ; 0          ; 0    ; 0            ; |Problema1|ALU:ALU0|moduloControlOperaciones:moduloControlOperaciones0                                                                             ; moduloControlOperaciones ; work         ;
;       |moduloDisplayBanderas:moduloDisplayBanderas0|       ; 17 (17)             ; 0 (0)                     ; 0                 ; 1          ; 0    ; 0            ; |Problema1|ALU:ALU0|moduloDisplayBanderas:moduloDisplayBanderas0                                                                                   ; moduloDisplayBanderas    ; work         ;
;       |moduloDivision:moduloDivision0|                     ; 22 (0)              ; 0 (0)                     ; 0                 ; 0          ; 0    ; 0            ; |Problema1|ALU:ALU0|moduloDivision:moduloDivision0                                                                                                 ; moduloDivision           ; work         ;
;          |lpm_divide:Div0|                                 ; 22 (0)              ; 0 (0)                     ; 0                 ; 0          ; 0    ; 0            ; |Problema1|ALU:ALU0|moduloDivision:moduloDivision0|lpm_divide:Div0                                                                                 ; lpm_divide               ; work         ;
;             |lpm_divide_1am:auto_generated|                ; 22 (0)              ; 0 (0)                     ; 0                 ; 0          ; 0    ; 0            ; |Problema1|ALU:ALU0|moduloDivision:moduloDivision0|lpm_divide:Div0|lpm_divide_1am:auto_generated                                                   ; lpm_divide_1am           ; work         ;
;                |sign_div_unsign_7kh:divider|               ; 22 (0)              ; 0 (0)                     ; 0                 ; 0          ; 0    ; 0            ; |Problema1|ALU:ALU0|moduloDivision:moduloDivision0|lpm_divide:Div0|lpm_divide_1am:auto_generated|sign_div_unsign_7kh:divider                       ; sign_div_unsign_7kh      ; work         ;
;                   |alt_u_div_kse:divider|                  ; 22 (22)             ; 0 (0)                     ; 0                 ; 0          ; 0    ; 0            ; |Problema1|ALU:ALU0|moduloDivision:moduloDivision0|lpm_divide:Div0|lpm_divide_1am:auto_generated|sign_div_unsign_7kh:divider|alt_u_div_kse:divider ; alt_u_div_kse            ; work         ;
;       |moduloModulo:moduloModulo0|                         ; 22 (0)              ; 0 (0)                     ; 0                 ; 0          ; 0    ; 0            ; |Problema1|ALU:ALU0|moduloModulo:moduloModulo0                                                                                                     ; moduloModulo             ; work         ;
;          |lpm_divide:Mod0|                                 ; 22 (0)              ; 0 (0)                     ; 0                 ; 0          ; 0    ; 0            ; |Problema1|ALU:ALU0|moduloModulo:moduloModulo0|lpm_divide:Mod0                                                                                     ; lpm_divide               ; work         ;
;             |lpm_divide_42m:auto_generated|                ; 22 (0)              ; 0 (0)                     ; 0                 ; 0          ; 0    ; 0            ; |Problema1|ALU:ALU0|moduloModulo:moduloModulo0|lpm_divide:Mod0|lpm_divide_42m:auto_generated                                                       ; lpm_divide_42m           ; work         ;
;                |sign_div_unsign_7kh:divider|               ; 22 (0)              ; 0 (0)                     ; 0                 ; 0          ; 0    ; 0            ; |Problema1|ALU:ALU0|moduloModulo:moduloModulo0|lpm_divide:Mod0|lpm_divide_42m:auto_generated|sign_div_unsign_7kh:divider                           ; sign_div_unsign_7kh      ; work         ;
;                   |alt_u_div_kse:divider|                  ; 22 (22)             ; 0 (0)                     ; 0                 ; 0          ; 0    ; 0            ; |Problema1|ALU:ALU0|moduloModulo:moduloModulo0|lpm_divide:Mod0|lpm_divide_42m:auto_generated|sign_div_unsign_7kh:divider|alt_u_div_kse:divider     ; alt_u_div_kse            ; work         ;
;       |moduloMultiplicacion:moduloMultiplicacion0|         ; 0 (0)               ; 0 (0)                     ; 0                 ; 1          ; 0    ; 0            ; |Problema1|ALU:ALU0|moduloMultiplicacion:moduloMultiplicacion0                                                                                     ; moduloMultiplicacion     ; work         ;
;       |moduloShiftL:moduloShiftL0|                         ; 3 (3)               ; 0 (0)                     ; 0                 ; 0          ; 0    ; 0            ; |Problema1|ALU:ALU0|moduloShiftL:moduloShiftL0                                                                                                     ; moduloShiftL             ; work         ;
;       |moduloShiftR:moduloShiftR0|                         ; 4 (4)               ; 0 (0)                     ; 0                 ; 0          ; 0    ; 0            ; |Problema1|ALU:ALU0|moduloShiftR:moduloShiftR0                                                                                                     ; moduloShiftR             ; work         ;
;       |moduloSuma:moduloSuma0|                             ; 21 (21)             ; 0 (0)                     ; 0                 ; 0          ; 0    ; 0            ; |Problema1|ALU:ALU0|moduloSuma:moduloSuma0                                                                                                         ; moduloSuma               ; work         ;
;    |moduloDisplayResultado:moduloDisplayResultado0|        ; 7 (7)               ; 0 (0)                     ; 0                 ; 0          ; 0    ; 0            ; |Problema1|moduloDisplayResultado:moduloDisplayResultado0                                                                                          ; moduloDisplayResultado   ; work         ;
+------------------------------------------------------------+---------------------+---------------------------+-------------------+------------+------+--------------+----------------------------------------------------------------------------------------------------------------------------------------------------+--------------------------+--------------+
Note: For table entries with two numbers listed, the numbers in parentheses indicate the number of resources of the given type used by the specific entity alone. The numbers listed outside of parentheses indicate the total resources of the given type used by the specific entity and all of its sub-entities in the hierarchy.


+-----------------------------------------------+
; Analysis & Synthesis DSP Block Usage Summary  ;
+---------------------------------+-------------+
; Statistic                       ; Number Used ;
+---------------------------------+-------------+
; Independent 9x9                 ; 2           ;
; Total number of DSP blocks      ; 2           ;
;                                 ;             ;
; Fixed Point Unsigned Multiplier ; 2           ;
+---------------------------------+-------------+


+------------------------------------------------------+
; General Register Statistics                          ;
+----------------------------------------------+-------+
; Statistic                                    ; Value ;
+----------------------------------------------+-------+
; Total registers                              ; 0     ;
; Number of registers using Synchronous Clear  ; 0     ;
; Number of registers using Synchronous Load   ; 0     ;
; Number of registers using Asynchronous Clear ; 0     ;
; Number of registers using Asynchronous Load  ; 0     ;
; Number of registers using Clock Enable       ; 0     ;
; Number of registers using Preset             ; 0     ;
+----------------------------------------------+-------+


+--------------------------------------------------------------------------------------------------------------------------------------------------------------------+
; Multiplexer Restructuring Statistics (Restructuring Performed)                                                                                                     ;
+--------------------+-----------+---------------+----------------------+------------------------+------------+------------------------------------------------------+
; Multiplexer Inputs ; Bus Width ; Baseline Area ; Area if Restructured ; Saving if Restructured ; Registered ; Example Multiplexer Output                           ;
+--------------------+-----------+---------------+----------------------+------------------------+------------+------------------------------------------------------+
; 3:1                ; 4 bits    ; 8 LEs         ; 8 LEs                ; 0 LEs                  ; No         ; |Problema1|ALU:ALU0|moduloSuma:moduloSuma0|resultado ;
+--------------------+-----------+---------------+----------------------+------------------------+------------+------------------------------------------------------+


+-------------------------------------------------------+
; Parameter Settings for User Entity Instance: ALU:ALU0 ;
+----------------+-------+------------------------------+
; Parameter Name ; Value ; Type                         ;
+----------------+-------+------------------------------+
; cantidadBits   ; 5     ; Signed Integer               ;
+----------------+-------+------------------------------+
Note: In order to hide this table in the UI and the text report file, please set the "Show Parameter Settings in Synthesis Report" option in "Analysis and Synthesis Settings -> More Settings" to "Off".


+----------------------------------------------------------------------------+
; Parameter Settings for User Entity Instance: ALU:ALU0|moduloAND:moduloAND0 ;
+----------------+-------+---------------------------------------------------+
; Parameter Name ; Value ; Type                                              ;
+----------------+-------+---------------------------------------------------+
; cantidadBits   ; 4     ; Signed Integer                                    ;
+----------------+-------+---------------------------------------------------+
Note: In order to hide this table in the UI and the text report file, please set the "Show Parameter Settings in Synthesis Report" option in "Analysis and Synthesis Settings -> More Settings" to "Off".


+--------------------------------------------------------------------------+
; Parameter Settings for User Entity Instance: ALU:ALU0|moduloOR:moduloOR0 ;
+----------------+-------+-------------------------------------------------+
; Parameter Name ; Value ; Type                                            ;
+----------------+-------+-------------------------------------------------+
; cantidadBits   ; 4     ; Signed Integer                                  ;
+----------------+-------+-------------------------------------------------+
Note: In order to hide this table in the UI and the text report file, please set the "Show Parameter Settings in Synthesis Report" option in "Analysis and Synthesis Settings -> More Settings" to "Off".


+----------------------------------------------------------------------------+
; Parameter Settings for User Entity Instance: ALU:ALU0|moduloXOR:moduloXOR0 ;
+----------------+-------+---------------------------------------------------+
; Parameter Name ; Value ; Type                                              ;
+----------------+-------+---------------------------------------------------+
; cantidadBits   ; 4     ; Signed Integer                                    ;
+----------------+-------+---------------------------------------------------+
Note: In order to hide this table in the UI and the text report file, please set the "Show Parameter Settings in Synthesis Report" option in "Analysis and Synthesis Settings -> More Settings" to "Off".


+----------------------------------------------------------------------------------+
; Parameter Settings for User Entity Instance: ALU:ALU0|moduloShiftL:moduloShiftL0 ;
+----------------+-------+---------------------------------------------------------+
; Parameter Name ; Value ; Type                                                    ;
+----------------+-------+---------------------------------------------------------+
; cantidadBits   ; 4     ; Signed Integer                                          ;
+----------------+-------+---------------------------------------------------------+
Note: In order to hide this table in the UI and the text report file, please set the "Show Parameter Settings in Synthesis Report" option in "Analysis and Synthesis Settings -> More Settings" to "Off".


+----------------------------------------------------------------------------------+
; Parameter Settings for User Entity Instance: ALU:ALU0|moduloShiftR:moduloShiftR0 ;
+----------------+-------+---------------------------------------------------------+
; Parameter Name ; Value ; Type                                                    ;
+----------------+-------+---------------------------------------------------------+
; cantidadBits   ; 4     ; Signed Integer                                          ;
+----------------+-------+---------------------------------------------------------+
Note: In order to hide this table in the UI and the text report file, please set the "Show Parameter Settings in Synthesis Report" option in "Analysis and Synthesis Settings -> More Settings" to "Off".


+------------------------------------------------------------------------------+
; Parameter Settings for User Entity Instance: ALU:ALU0|moduloSuma:moduloSuma0 ;
+----------------+-------+-----------------------------------------------------+
; Parameter Name ; Value ; Type                                                ;
+----------------+-------+-----------------------------------------------------+
; cantidadBits   ; 5     ; Signed Integer                                      ;
+----------------+-------+-----------------------------------------------------+
Note: In order to hide this table in the UI and the text report file, please set the "Show Parameter Settings in Synthesis Report" option in "Analysis and Synthesis Settings -> More Settings" to "Off".


+--------------------------------------------------------------------------------+
; Parameter Settings for User Entity Instance: ALU:ALU0|moduloResta:moduloResta0 ;
+----------------+-------+-------------------------------------------------------+
; Parameter Name ; Value ; Type                                                  ;
+----------------+-------+-------------------------------------------------------+
; cantidadBits   ; 5     ; Signed Integer                                        ;
+----------------+-------+-------------------------------------------------------+
Note: In order to hide this table in the UI and the text report file, please set the "Show Parameter Settings in Synthesis Report" option in "Analysis and Synthesis Settings -> More Settings" to "Off".


+--------------------------------------------------------------------------------------------------+
; Parameter Settings for User Entity Instance: ALU:ALU0|moduloMultiplicacion:moduloMultiplicacion0 ;
+----------------+-------+-------------------------------------------------------------------------+
; Parameter Name ; Value ; Type                                                                    ;
+----------------+-------+-------------------------------------------------------------------------+
; cantidadBits   ; 5     ; Signed Integer                                                          ;
+----------------+-------+-------------------------------------------------------------------------+
Note: In order to hide this table in the UI and the text report file, please set the "Show Parameter Settings in Synthesis Report" option in "Analysis and Synthesis Settings -> More Settings" to "Off".


+--------------------------------------------------------------------------------------+
; Parameter Settings for User Entity Instance: ALU:ALU0|moduloDivision:moduloDivision0 ;
+----------------+-------+-------------------------------------------------------------+
; Parameter Name ; Value ; Type                                                        ;
+----------------+-------+-------------------------------------------------------------+
; cantidadBits   ; 5     ; Signed Integer                                              ;
+----------------+-------+-------------------------------------------------------------+
Note: In order to hide this table in the UI and the text report file, please set the "Show Parameter Settings in Synthesis Report" option in "Analysis and Synthesis Settings -> More Settings" to "Off".


+----------------------------------------------------------------------------------+
; Parameter Settings for User Entity Instance: ALU:ALU0|moduloModulo:moduloModulo0 ;
+----------------+-------+---------------------------------------------------------+
; Parameter Name ; Value ; Type                                                    ;
+----------------+-------+---------------------------------------------------------+
; cantidadBits   ; 5     ; Signed Integer                                          ;
+----------------+-------+---------------------------------------------------------+
Note: In order to hide this table in the UI and the text report file, please set the "Show Parameter Settings in Synthesis Report" option in "Analysis and Synthesis Settings -> More Settings" to "Off".


+----------------------------------------------------------------------------------------------------------+
; Parameter Settings for User Entity Instance: ALU:ALU0|moduloControlOperaciones:moduloControlOperaciones0 ;
+----------------+-------+---------------------------------------------------------------------------------+
; Parameter Name ; Value ; Type                                                                            ;
+----------------+-------+---------------------------------------------------------------------------------+
; cantidadBits   ; 5     ; Signed Integer                                                                  ;
+----------------+-------+---------------------------------------------------------------------------------+
Note: In order to hide this table in the UI and the text report file, please set the "Show Parameter Settings in Synthesis Report" option in "Analysis and Synthesis Settings -> More Settings" to "Off".


+----------------------------------------------------------------------------------------------------+
; Parameter Settings for User Entity Instance: ALU:ALU0|moduloDisplayBanderas:moduloDisplayBanderas0 ;
+----------------+-------+---------------------------------------------------------------------------+
; Parameter Name ; Value ; Type                                                                      ;
+----------------+-------+---------------------------------------------------------------------------+
; cantidadBits   ; 5     ; Signed Integer                                                            ;
+----------------+-------+---------------------------------------------------------------------------+
Note: In order to hide this table in the UI and the text report file, please set the "Show Parameter Settings in Synthesis Report" option in "Analysis and Synthesis Settings -> More Settings" to "Off".


+------------------------------------------------------------------------------------------------------+
; Parameter Settings for Inferred Entity Instance: ALU:ALU0|moduloModulo:moduloModulo0|lpm_divide:Mod0 ;
+------------------------+----------------+------------------------------------------------------------+
; Parameter Name         ; Value          ; Type                                                       ;
+------------------------+----------------+------------------------------------------------------------+
; LPM_WIDTHN             ; 4              ; Untyped                                                    ;
; LPM_WIDTHD             ; 4              ; Untyped                                                    ;
; LPM_NREPRESENTATION    ; UNSIGNED       ; Untyped                                                    ;
; LPM_DREPRESENTATION    ; UNSIGNED       ; Untyped                                                    ;
; LPM_PIPELINE           ; 0              ; Untyped                                                    ;
; LPM_REMAINDERPOSITIVE  ; TRUE           ; Untyped                                                    ;
; MAXIMIZE_SPEED         ; 5              ; Untyped                                                    ;
; CBXI_PARAMETER         ; lpm_divide_42m ; Untyped                                                    ;
; CARRY_CHAIN            ; MANUAL         ; Untyped                                                    ;
; OPTIMIZE_FOR_SPEED     ; 5              ; Untyped                                                    ;
; AUTO_CARRY_CHAINS      ; ON             ; AUTO_CARRY                                                 ;
; IGNORE_CARRY_BUFFERS   ; OFF            ; IGNORE_CARRY                                               ;
; AUTO_CASCADE_CHAINS    ; ON             ; AUTO_CASCADE                                               ;
; IGNORE_CASCADE_BUFFERS ; OFF            ; IGNORE_CASCADE                                             ;
+------------------------+----------------+------------------------------------------------------------+
Note: In order to hide this table in the UI and the text report file, please set the "Show Parameter Settings in Synthesis Report" option in "Analysis and Synthesis Settings -> More Settings" to "Off".


+----------------------------------------------------------------------------------------------------------+
; Parameter Settings for Inferred Entity Instance: ALU:ALU0|moduloDivision:moduloDivision0|lpm_divide:Div0 ;
+------------------------+----------------+----------------------------------------------------------------+
; Parameter Name         ; Value          ; Type                                                           ;
+------------------------+----------------+----------------------------------------------------------------+
; LPM_WIDTHN             ; 4              ; Untyped                                                        ;
; LPM_WIDTHD             ; 4              ; Untyped                                                        ;
; LPM_NREPRESENTATION    ; UNSIGNED       ; Untyped                                                        ;
; LPM_DREPRESENTATION    ; UNSIGNED       ; Untyped                                                        ;
; LPM_PIPELINE           ; 0              ; Untyped                                                        ;
; LPM_REMAINDERPOSITIVE  ; TRUE           ; Untyped                                                        ;
; MAXIMIZE_SPEED         ; 5              ; Untyped                                                        ;
; CBXI_PARAMETER         ; lpm_divide_1am ; Untyped                                                        ;
; CARRY_CHAIN            ; MANUAL         ; Untyped                                                        ;
; OPTIMIZE_FOR_SPEED     ; 5              ; Untyped                                                        ;
; AUTO_CARRY_CHAINS      ; ON             ; AUTO_CARRY                                                     ;
; IGNORE_CARRY_BUFFERS   ; OFF            ; IGNORE_CARRY                                                   ;
; AUTO_CASCADE_CHAINS    ; ON             ; AUTO_CASCADE                                                   ;
; IGNORE_CASCADE_BUFFERS ; OFF            ; IGNORE_CASCADE                                                 ;
+------------------------+----------------+----------------------------------------------------------------+
Note: In order to hide this table in the UI and the text report file, please set the "Show Parameter Settings in Synthesis Report" option in "Analysis and Synthesis Settings -> More Settings" to "Off".


+-----------------------------------------------------+
; Post-Synthesis Netlist Statistics for Top Partition ;
+-----------------------+-----------------------------+
; Type                  ; Count                       ;
+-----------------------+-----------------------------+
; arriav_lcell_comb     ; 130                         ;
;     arith             ; 21                          ;
;         0 data inputs ; 5                           ;
;         2 data inputs ; 10                          ;
;         5 data inputs ; 6                           ;
;     extend            ; 8                           ;
;         7 data inputs ; 8                           ;
;     normal            ; 75                          ;
;         0 data inputs ; 1                           ;
;         1 data inputs ; 2                           ;
;         2 data inputs ; 16                          ;
;         3 data inputs ; 7                           ;
;         4 data inputs ; 25                          ;
;         5 data inputs ; 9                           ;
;         6 data inputs ; 15                          ;
;     shared            ; 26                          ;
;         0 data inputs ; 6                           ;
;         2 data inputs ; 14                          ;
;         4 data inputs ; 6                           ;
; arriav_mac            ; 2                           ;
; boundary_port         ; 57                          ;
;                       ;                             ;
; Max LUT depth         ; 12.50                       ;
; Average LUT depth     ; 8.46                        ;
+-----------------------+-----------------------------+


+-------------------------------+
; Elapsed Time Per Partition    ;
+----------------+--------------+
; Partition Name ; Elapsed Time ;
+----------------+--------------+
; Top            ; 00:00:01     ;
+----------------+--------------+


+-------------------------------+
; Analysis & Synthesis Messages ;
+-------------------------------+
Info: *******************************************************************
Info: Running Quartus Prime Analysis & Synthesis
    Info: Version 20.1.0 Build 711 06/05/2020 SJ Lite Edition
    Info: Processing started: Sat Sep 03 13:37:34 2022
Info: Command: quartus_map --read_settings_files=on --write_settings_files=off Problema1 -c Problema1
Warning (18236): Number of processors has not been specified which may cause overloading on shared machines.  Set the global assignment NUM_PARALLEL_PROCESSORS in your QSF to an appropriate value for best performance.
Info (20030): Parallel compilation is enabled and will use 8 of the 8 processors detected
Info (12021): Found 1 design units, including 1 entities, in source file moduloxor.sv
    Info (12023): Found entity 1: moduloXOR File: C:/Users/osaro/OneDrive/Escritorio/CE3201Laboratorio3/Problema1/moduloXOR.sv Line: 1
Info (12021): Found 1 design units, including 1 entities, in source file modulosuma.sv
    Info (12023): Found entity 1: moduloSuma File: C:/Users/osaro/OneDrive/Escritorio/CE3201Laboratorio3/Problema1/moduloSuma.sv Line: 1
Info (12021): Found 1 design units, including 1 entities, in source file moduloshiftr.sv
    Info (12023): Found entity 1: moduloShiftR File: C:/Users/osaro/OneDrive/Escritorio/CE3201Laboratorio3/Problema1/moduloShiftR.sv Line: 1
Info (12021): Found 1 design units, including 1 entities, in source file moduloshiftl.sv
    Info (12023): Found entity 1: moduloShiftL File: C:/Users/osaro/OneDrive/Escritorio/CE3201Laboratorio3/Problema1/moduloShiftL.sv Line: 1
Info (12021): Found 1 design units, including 1 entities, in source file moduloresta.sv
    Info (12023): Found entity 1: moduloResta File: C:/Users/osaro/OneDrive/Escritorio/CE3201Laboratorio3/Problema1/moduloResta.sv Line: 1
Info (12021): Found 1 design units, including 1 entities, in source file moduloor.sv
    Info (12023): Found entity 1: moduloOR File: C:/Users/osaro/OneDrive/Escritorio/CE3201Laboratorio3/Problema1/moduloOR.sv Line: 1
Info (12021): Found 1 design units, including 1 entities, in source file modulomultiplicacion.sv
    Info (12023): Found entity 1: moduloMultiplicacion File: C:/Users/osaro/OneDrive/Escritorio/CE3201Laboratorio3/Problema1/moduloMultiplicacion.sv Line: 1
Info (12021): Found 1 design units, including 1 entities, in source file modulomodulo.sv
    Info (12023): Found entity 1: moduloModulo File: C:/Users/osaro/OneDrive/Escritorio/CE3201Laboratorio3/Problema1/moduloModulo.sv Line: 1
Info (12021): Found 1 design units, including 1 entities, in source file modulodivision.sv
    Info (12023): Found entity 1: moduloDivision File: C:/Users/osaro/OneDrive/Escritorio/CE3201Laboratorio3/Problema1/moduloDivision.sv Line: 1
Info (12021): Found 1 design units, including 1 entities, in source file modulocontroloperaciones.sv
    Info (12023): Found entity 1: moduloControlOperaciones File: C:/Users/osaro/OneDrive/Escritorio/CE3201Laboratorio3/Problema1/moduloControlOperaciones.sv Line: 1
Info (12021): Found 1 design units, including 1 entities, in source file moduloand.sv
    Info (12023): Found entity 1: moduloAND File: C:/Users/osaro/OneDrive/Escritorio/CE3201Laboratorio3/Problema1/moduloAND.sv Line: 1
Info (12021): Found 1 design units, including 1 entities, in source file alu.sv
    Info (12023): Found entity 1: ALU File: C:/Users/osaro/OneDrive/Escritorio/CE3201Laboratorio3/Problema1/ALU.sv Line: 1
Info (12021): Found 1 design units, including 1 entities, in source file problema1.sv
    Info (12023): Found entity 1: Problema1 File: C:/Users/osaro/OneDrive/Escritorio/CE3201Laboratorio3/Problema1/Problema1.sv Line: 1
Info (12021): Found 1 design units, including 1 entities, in source file modulodisplayresultado.sv
    Info (12023): Found entity 1: moduloDisplayResultado File: C:/Users/osaro/OneDrive/Escritorio/CE3201Laboratorio3/Problema1/moduloDisplayResultado.sv Line: 1
Info (12021): Found 1 design units, including 1 entities, in source file modulodisplaybanderas.sv
    Info (12023): Found entity 1: moduloDisplayBanderas File: C:/Users/osaro/OneDrive/Escritorio/CE3201Laboratorio3/Problema1/moduloDisplayBanderas.sv Line: 1
Info (12021): Found 1 design units, including 1 entities, in source file testbenchproblema1.sv
    Info (12023): Found entity 1: TestbenchProblema1 File: C:/Users/osaro/OneDrive/Escritorio/CE3201Laboratorio3/Problema1/TestbenchProblema1.sv Line: 1
Info (12127): Elaborating entity "Problema1" for the top level hierarchy
Info (12128): Elaborating entity "ALU" for hierarchy "ALU:ALU0" File: C:/Users/osaro/OneDrive/Escritorio/CE3201Laboratorio3/Problema1/Problema1.sv Line: 17
Info (12128): Elaborating entity "moduloAND" for hierarchy "ALU:ALU0|moduloAND:moduloAND0" File: C:/Users/osaro/OneDrive/Escritorio/CE3201Laboratorio3/Problema1/ALU.sv Line: 19
Info (12128): Elaborating entity "moduloOR" for hierarchy "ALU:ALU0|moduloOR:moduloOR0" File: C:/Users/osaro/OneDrive/Escritorio/CE3201Laboratorio3/Problema1/ALU.sv Line: 20
Info (12128): Elaborating entity "moduloXOR" for hierarchy "ALU:ALU0|moduloXOR:moduloXOR0" File: C:/Users/osaro/OneDrive/Escritorio/CE3201Laboratorio3/Problema1/ALU.sv Line: 21
Info (12128): Elaborating entity "moduloShiftL" for hierarchy "ALU:ALU0|moduloShiftL:moduloShiftL0" File: C:/Users/osaro/OneDrive/Escritorio/CE3201Laboratorio3/Problema1/ALU.sv Line: 22
Info (12128): Elaborating entity "moduloShiftR" for hierarchy "ALU:ALU0|moduloShiftR:moduloShiftR0" File: C:/Users/osaro/OneDrive/Escritorio/CE3201Laboratorio3/Problema1/ALU.sv Line: 23
Info (12128): Elaborating entity "moduloSuma" for hierarchy "ALU:ALU0|moduloSuma:moduloSuma0" File: C:/Users/osaro/OneDrive/Escritorio/CE3201Laboratorio3/Problema1/ALU.sv Line: 24
Warning (10240): Verilog HDL Always Construct warning at moduloSuma.sv(5): inferring latch(es) for variable "resultado", which holds its previous value in one or more paths through the always construct File: C:/Users/osaro/OneDrive/Escritorio/CE3201Laboratorio3/Problema1/moduloSuma.sv Line: 5
Info (10041): Inferred latch for "resultado[0]" at moduloSuma.sv(9) File: C:/Users/osaro/OneDrive/Escritorio/CE3201Laboratorio3/Problema1/moduloSuma.sv Line: 9
Info (10041): Inferred latch for "resultado[1]" at moduloSuma.sv(9) File: C:/Users/osaro/OneDrive/Escritorio/CE3201Laboratorio3/Problema1/moduloSuma.sv Line: 9
Info (10041): Inferred latch for "resultado[2]" at moduloSuma.sv(9) File: C:/Users/osaro/OneDrive/Escritorio/CE3201Laboratorio3/Problema1/moduloSuma.sv Line: 9
Info (10041): Inferred latch for "resultado[3]" at moduloSuma.sv(9) File: C:/Users/osaro/OneDrive/Escritorio/CE3201Laboratorio3/Problema1/moduloSuma.sv Line: 9
Info (12128): Elaborating entity "moduloResta" for hierarchy "ALU:ALU0|moduloResta:moduloResta0" File: C:/Users/osaro/OneDrive/Escritorio/CE3201Laboratorio3/Problema1/ALU.sv Line: 25
Warning (10240): Verilog HDL Always Construct warning at moduloResta.sv(5): inferring latch(es) for variable "resultado", which holds its previous value in one or more paths through the always construct File: C:/Users/osaro/OneDrive/Escritorio/CE3201Laboratorio3/Problema1/moduloResta.sv Line: 5
Info (10041): Inferred latch for "resultado[0]" at moduloResta.sv(17) File: C:/Users/osaro/OneDrive/Escritorio/CE3201Laboratorio3/Problema1/moduloResta.sv Line: 17
Info (10041): Inferred latch for "resultado[1]" at moduloResta.sv(17) File: C:/Users/osaro/OneDrive/Escritorio/CE3201Laboratorio3/Problema1/moduloResta.sv Line: 17
Info (10041): Inferred latch for "resultado[2]" at moduloResta.sv(17) File: C:/Users/osaro/OneDrive/Escritorio/CE3201Laboratorio3/Problema1/moduloResta.sv Line: 17
Info (10041): Inferred latch for "resultado[3]" at moduloResta.sv(17) File: C:/Users/osaro/OneDrive/Escritorio/CE3201Laboratorio3/Problema1/moduloResta.sv Line: 17
Info (12128): Elaborating entity "moduloMultiplicacion" for hierarchy "ALU:ALU0|moduloMultiplicacion:moduloMultiplicacion0" File: C:/Users/osaro/OneDrive/Escritorio/CE3201Laboratorio3/Problema1/ALU.sv Line: 26
Info (12128): Elaborating entity "moduloDivision" for hierarchy "ALU:ALU0|moduloDivision:moduloDivision0" File: C:/Users/osaro/OneDrive/Escritorio/CE3201Laboratorio3/Problema1/ALU.sv Line: 27
Info (12128): Elaborating entity "moduloModulo" for hierarchy "ALU:ALU0|moduloModulo:moduloModulo0" File: C:/Users/osaro/OneDrive/Escritorio/CE3201Laboratorio3/Problema1/ALU.sv Line: 28
Info (12128): Elaborating entity "moduloControlOperaciones" for hierarchy "ALU:ALU0|moduloControlOperaciones:moduloControlOperaciones0" File: C:/Users/osaro/OneDrive/Escritorio/CE3201Laboratorio3/Problema1/ALU.sv Line: 31
Info (12128): Elaborating entity "moduloDisplayBanderas" for hierarchy "ALU:ALU0|moduloDisplayBanderas:moduloDisplayBanderas0" File: C:/Users/osaro/OneDrive/Escritorio/CE3201Laboratorio3/Problema1/ALU.sv Line: 32
Warning (10240): Verilog HDL Always Construct warning at moduloDisplayBanderas.sv(7): inferring latch(es) for variable "N", which holds its previous value in one or more paths through the always construct File: C:/Users/osaro/OneDrive/Escritorio/CE3201Laboratorio3/Problema1/moduloDisplayBanderas.sv Line: 7
Warning (10240): Verilog HDL Always Construct warning at moduloDisplayBanderas.sv(7): inferring latch(es) for variable "C", which holds its previous value in one or more paths through the always construct File: C:/Users/osaro/OneDrive/Escritorio/CE3201Laboratorio3/Problema1/moduloDisplayBanderas.sv Line: 7
Warning (10240): Verilog HDL Always Construct warning at moduloDisplayBanderas.sv(7): inferring latch(es) for variable "Z", which holds its previous value in one or more paths through the always construct File: C:/Users/osaro/OneDrive/Escritorio/CE3201Laboratorio3/Problema1/moduloDisplayBanderas.sv Line: 7
Info (10041): Inferred latch for "Z" at moduloDisplayBanderas.sv(7) File: C:/Users/osaro/OneDrive/Escritorio/CE3201Laboratorio3/Problema1/moduloDisplayBanderas.sv Line: 7
Info (10041): Inferred latch for "C" at moduloDisplayBanderas.sv(7) File: C:/Users/osaro/OneDrive/Escritorio/CE3201Laboratorio3/Problema1/moduloDisplayBanderas.sv Line: 7
Info (10041): Inferred latch for "N" at moduloDisplayBanderas.sv(7) File: C:/Users/osaro/OneDrive/Escritorio/CE3201Laboratorio3/Problema1/moduloDisplayBanderas.sv Line: 7
Info (12128): Elaborating entity "moduloDisplayResultado" for hierarchy "moduloDisplayResultado:moduloDisplayResultado0" File: C:/Users/osaro/OneDrive/Escritorio/CE3201Laboratorio3/Problema1/Problema1.sv Line: 18
Warning (10235): Verilog HDL Always Construct warning at moduloDisplayResultado.sv(11): variable "error" is read inside the Always Construct but isn't in the Always Construct's Event Control File: C:/Users/osaro/OneDrive/Escritorio/CE3201Laboratorio3/Problema1/moduloDisplayResultado.sv Line: 11
Warning (10235): Verilog HDL Always Construct warning at moduloDisplayResultado.sv(11): variable "seleccionOperacion" is read inside the Always Construct but isn't in the Always Construct's Event Control File: C:/Users/osaro/OneDrive/Escritorio/CE3201Laboratorio3/Problema1/moduloDisplayResultado.sv Line: 11
Warning (14026): LATCH primitive "ALU:ALU0|moduloSuma:moduloSuma0|resultado[0]" is permanently enabled File: C:/Users/osaro/OneDrive/Escritorio/CE3201Laboratorio3/Problema1/moduloSuma.sv Line: 9
Warning (14026): LATCH primitive "ALU:ALU0|moduloResta:moduloResta0|resultado[0]" is permanently enabled File: C:/Users/osaro/OneDrive/Escritorio/CE3201Laboratorio3/Problema1/moduloResta.sv Line: 17
Warning (14026): LATCH primitive "ALU:ALU0|moduloSuma:moduloSuma0|resultado[1]" is permanently enabled File: C:/Users/osaro/OneDrive/Escritorio/CE3201Laboratorio3/Problema1/moduloSuma.sv Line: 9
Warning (14026): LATCH primitive "ALU:ALU0|moduloResta:moduloResta0|resultado[1]" is permanently enabled File: C:/Users/osaro/OneDrive/Escritorio/CE3201Laboratorio3/Problema1/moduloResta.sv Line: 17
Warning (14026): LATCH primitive "ALU:ALU0|moduloSuma:moduloSuma0|resultado[2]" is permanently enabled File: C:/Users/osaro/OneDrive/Escritorio/CE3201Laboratorio3/Problema1/moduloSuma.sv Line: 9
Warning (14026): LATCH primitive "ALU:ALU0|moduloResta:moduloResta0|resultado[2]" is permanently enabled File: C:/Users/osaro/OneDrive/Escritorio/CE3201Laboratorio3/Problema1/moduloResta.sv Line: 17
Warning (14026): LATCH primitive "ALU:ALU0|moduloSuma:moduloSuma0|resultado[3]" is permanently enabled File: C:/Users/osaro/OneDrive/Escritorio/CE3201Laboratorio3/Problema1/moduloSuma.sv Line: 9
Warning (14026): LATCH primitive "ALU:ALU0|moduloResta:moduloResta0|resultado[3]" is permanently enabled File: C:/Users/osaro/OneDrive/Escritorio/CE3201Laboratorio3/Problema1/moduloResta.sv Line: 17
Warning (14026): LATCH primitive "ALU:ALU0|moduloDisplayBanderas:moduloDisplayBanderas0|C" is permanently enabled File: C:/Users/osaro/OneDrive/Escritorio/CE3201Laboratorio3/Problema1/moduloDisplayBanderas.sv Line: 6
Warning (14026): LATCH primitive "ALU:ALU0|moduloDisplayBanderas:moduloDisplayBanderas0|N" is permanently enabled File: C:/Users/osaro/OneDrive/Escritorio/CE3201Laboratorio3/Problema1/moduloDisplayBanderas.sv Line: 6
Warning (14026): LATCH primitive "ALU:ALU0|moduloDisplayBanderas:moduloDisplayBanderas0|Z" is permanently enabled File: C:/Users/osaro/OneDrive/Escritorio/CE3201Laboratorio3/Problema1/moduloDisplayBanderas.sv Line: 6
Info (278001): Inferred 2 megafunctions from design logic
    Info (278004): Inferred divider/modulo megafunction ("lpm_divide") from the following logic: "ALU:ALU0|moduloModulo:moduloModulo0|Mod0" File: C:/Users/osaro/OneDrive/Escritorio/CE3201Laboratorio3/Problema1/moduloModulo.sv Line: 5
    Info (278004): Inferred divider/modulo megafunction ("lpm_divide") from the following logic: "ALU:ALU0|moduloDivision:moduloDivision0|Div0" File: C:/Users/osaro/OneDrive/Escritorio/CE3201Laboratorio3/Problema1/moduloDivision.sv Line: 6
Info (12130): Elaborated megafunction instantiation "ALU:ALU0|moduloModulo:moduloModulo0|lpm_divide:Mod0" File: C:/Users/osaro/OneDrive/Escritorio/CE3201Laboratorio3/Problema1/moduloModulo.sv Line: 5
Info (12133): Instantiated megafunction "ALU:ALU0|moduloModulo:moduloModulo0|lpm_divide:Mod0" with the following parameter: File: C:/Users/osaro/OneDrive/Escritorio/CE3201Laboratorio3/Problema1/moduloModulo.sv Line: 5
    Info (12134): Parameter "LPM_WIDTHN" = "4"
    Info (12134): Parameter "LPM_WIDTHD" = "4"
    Info (12134): Parameter "LPM_NREPRESENTATION" = "UNSIGNED"
    Info (12134): Parameter "LPM_DREPRESENTATION" = "UNSIGNED"
Info (12021): Found 1 design units, including 1 entities, in source file db/lpm_divide_42m.tdf
    Info (12023): Found entity 1: lpm_divide_42m File: C:/Users/osaro/OneDrive/Escritorio/CE3201Laboratorio3/Problema1/db/lpm_divide_42m.tdf Line: 25
Info (12021): Found 1 design units, including 1 entities, in source file db/sign_div_unsign_7kh.tdf
    Info (12023): Found entity 1: sign_div_unsign_7kh File: C:/Users/osaro/OneDrive/Escritorio/CE3201Laboratorio3/Problema1/db/sign_div_unsign_7kh.tdf Line: 25
Info (12021): Found 1 design units, including 1 entities, in source file db/alt_u_div_kse.tdf
    Info (12023): Found entity 1: alt_u_div_kse File: C:/Users/osaro/OneDrive/Escritorio/CE3201Laboratorio3/Problema1/db/alt_u_div_kse.tdf Line: 23
Info (12130): Elaborated megafunction instantiation "ALU:ALU0|moduloDivision:moduloDivision0|lpm_divide:Div0" File: C:/Users/osaro/OneDrive/Escritorio/CE3201Laboratorio3/Problema1/moduloDivision.sv Line: 6
Info (12133): Instantiated megafunction "ALU:ALU0|moduloDivision:moduloDivision0|lpm_divide:Div0" with the following parameter: File: C:/Users/osaro/OneDrive/Escritorio/CE3201Laboratorio3/Problema1/moduloDivision.sv Line: 6
    Info (12134): Parameter "LPM_WIDTHN" = "4"
    Info (12134): Parameter "LPM_WIDTHD" = "4"
    Info (12134): Parameter "LPM_NREPRESENTATION" = "UNSIGNED"
    Info (12134): Parameter "LPM_DREPRESENTATION" = "UNSIGNED"
Info (12021): Found 1 design units, including 1 entities, in source file db/lpm_divide_1am.tdf
    Info (12023): Found entity 1: lpm_divide_1am File: C:/Users/osaro/OneDrive/Escritorio/CE3201Laboratorio3/Problema1/db/lpm_divide_1am.tdf Line: 25
Warning (13024): Output pins are stuck at VCC or GND
    Warning (13410): Pin "displayResultado0[6]" is stuck at VCC File: C:/Users/osaro/OneDrive/Escritorio/CE3201Laboratorio3/Problema1/Problema1.sv Line: 8
    Warning (13410): Pin "displayResultado1[6]" is stuck at VCC File: C:/Users/osaro/OneDrive/Escritorio/CE3201Laboratorio3/Problema1/Problema1.sv Line: 9
    Warning (13410): Pin "displayResultado2[6]" is stuck at VCC File: C:/Users/osaro/OneDrive/Escritorio/CE3201Laboratorio3/Problema1/Problema1.sv Line: 10
Info (286030): Timing-Driven Synthesis is running
Info (16010): Generating hard_block partition "hard_block:auto_generated_inst"
    Info (16011): Adding 0 node(s), including 0 DDIO, 0 PLL, 0 transceiver and 0 LCELL
Info (21057): Implemented 186 device resources after synthesis - the final resource count might be different
    Info (21058): Implemented 14 input pins
    Info (21059): Implemented 43 output pins
    Info (21061): Implemented 127 logic cells
    Info (21062): Implemented 2 DSP elements
Info: Quartus Prime Analysis & Synthesis was successful. 0 errors, 23 warnings
    Info: Peak virtual memory: 4850 megabytes
    Info: Processing ended: Sat Sep 03 13:37:52 2022
    Info: Elapsed time: 00:00:18
    Info: Total CPU time (on all processors): 00:00:38


