------------------------------------------------------------
Timing Analyzer Summary
------------------------------------------------------------

Type  : Slow 1100mV 85C Model Setup 'moduloReloj25MHz:instanciaModuloReloj25MHz|reloj25MHz'
Slack : -5.723
TNS   : -175.642

Type  : Slow 1100mV 85C Model Setup 'reloj'
Slack : -2.716
TNS   : -125.914

Type  : Slow 1100mV 85C Model Hold 'reloj'
Slack : 0.383
TNS   : 0.000

Type  : Slow 1100mV 85C Model Hold 'moduloReloj25MHz:instanciaModuloReloj25MHz|reloj25MHz'
Slack : 0.441
TNS   : 0.000

Type  : Slow 1100mV 85C Model Minimum Pulse Width 'reloj'
Slack : -0.729
TNS   : -34.055

Type  : Slow 1100mV 85C Model Minimum Pulse Width 'moduloReloj25MHz:instanciaModuloReloj25MHz|reloj25MHz'
Slack : -0.394
TNS   : -23.786

Type  : Slow 1100mV 0C Model Setup 'moduloReloj25MHz:instanciaModuloReloj25MHz|reloj25MHz'
Slack : -5.881
TNS   : -172.829

Type  : Slow 1100mV 0C Model Setup 'reloj'
Slack : -2.901
TNS   : -123.465

Type  : Slow 1100mV 0C Model Hold 'reloj'
Slack : 0.403
TNS   : 0.000

Type  : Slow 1100mV 0C Model Hold 'moduloReloj25MHz:instanciaModuloReloj25MHz|reloj25MHz'
Slack : 0.454
TNS   : 0.000

Type  : Slow 1100mV 0C Model Minimum Pulse Width 'reloj'
Slack : -0.741
TNS   : -37.059

Type  : Slow 1100mV 0C Model Minimum Pulse Width 'moduloReloj25MHz:instanciaModuloReloj25MHz|reloj25MHz'
Slack : -0.394
TNS   : -23.626

Type  : Fast 1100mV 85C Model Setup 'moduloReloj25MHz:instanciaModuloReloj25MHz|reloj25MHz'
Slack : -3.311
TNS   : -97.188

Type  : Fast 1100mV 85C Model Setup 'reloj'
Slack : -1.790
TNS   : -51.219

Type  : Fast 1100mV 85C Model Hold 'moduloReloj25MHz:instanciaModuloReloj25MHz|reloj25MHz'
Slack : 0.159
TNS   : 0.000

Type  : Fast 1100mV 85C Model Hold 'reloj'
Slack : 0.184
TNS   : 0.000

Type  : Fast 1100mV 85C Model Minimum Pulse Width 'reloj'
Slack : -0.668
TNS   : -6.109

Type  : Fast 1100mV 85C Model Minimum Pulse Width 'moduloReloj25MHz:instanciaModuloReloj25MHz|reloj25MHz'
Slack : -0.079
TNS   : -0.637

Type  : Fast 1100mV 0C Model Setup 'moduloReloj25MHz:instanciaModuloReloj25MHz|reloj25MHz'
Slack : -2.888
TNS   : -84.470

Type  : Fast 1100mV 0C Model Setup 'reloj'
Slack : -1.675
TNS   : -43.161

Type  : Fast 1100mV 0C Model Hold 'moduloReloj25MHz:instanciaModuloReloj25MHz|reloj25MHz'
Slack : 0.147
TNS   : 0.000

Type  : Fast 1100mV 0C Model Hold 'reloj'
Slack : 0.174
TNS   : 0.000

Type  : Fast 1100mV 0C Model Minimum Pulse Width 'reloj'
Slack : -0.656
TNS   : -6.154

Type  : Fast 1100mV 0C Model Minimum Pulse Width 'moduloReloj25MHz:instanciaModuloReloj25MHz|reloj25MHz'
Slack : -0.030
TNS   : -0.210

------------------------------------------------------------
